// Jest Snapshot v1, https://goo.gl/fbAQLP

exports[`App component Mounts without error 1`] = `
<div
  className="game"
>
  <div
    className="central-zone"
  >
    <div
      className="board"
    >
      <div
        className="row"
      >
        <div
          className="cell default"
        />
        <div
          className="cell default"
        />
        <div
          className="cell default"
        />
        <div
          className="cell default"
        />
        <div
          className="cell color-2 fill-2"
        />
        <div
          className="cell default"
        />
        <div
          className="cell default"
        />
        <div
          className="cell default"
        />
        <div
          className="cell default"
        />
        <div
          className="cell default"
        />
      </div>
      <div
        className="row"
      >
        <div
          className="cell default"
        />
        <div
          className="cell default"
        />
        <div
          className="cell default"
        />
        <div
          className="cell default"
        />
        <div
          className="cell color-2 fill-2"
        />
        <div
          className="cell color-2 fill-2"
        />
        <div
          className="cell default"
        />
        <div
          className="cell default"
        />
        <div
          className="cell default"
        />
        <div
          className="cell default"
        />
      </div>
      <div
        className="row"
      >
        <div
          className="cell default"
        />
        <div
          className="cell default"
        />
        <div
          className="cell default"
        />
        <div
          className="cell default"
        />
        <div
          className="cell default"
        />
        <div
          className="cell color-2 fill-2"
        />
        <div
          className="cell default"
        />
        <div
          className="cell default"
        />
        <div
          className="cell default"
        />
        <div
          className="cell default"
        />
      </div>
      <div
        className="row"
      >
        <div
          className="cell default"
        />
        <div
          className="cell default"
        />
        <div
          className="cell default"
        />
        <div
          className="cell default"
        />
        <div
          className="cell default"
        />
        <div
          className="cell default"
        />
        <div
          className="cell default"
        />
        <div
          className="cell default"
        />
        <div
          className="cell default"
        />
        <div
          className="cell default"
        />
      </div>
      <div
        className="row"
      >
        <div
          className="cell default"
        />
        <div
          className="cell default"
        />
        <div
          className="cell default"
        />
        <div
          className="cell default"
        />
        <div
          className="cell default"
        />
        <div
          className="cell default"
        />
        <div
          className="cell default"
        />
        <div
          className="cell default"
        />
        <div
          className="cell default"
        />
        <div
          className="cell default"
        />
      </div>
      <div
        className="row"
      >
        <div
          className="cell default"
        />
        <div
          className="cell default"
        />
        <div
          className="cell default"
        />
        <div
          className="cell default"
        />
        <div
          className="cell default"
        />
        <div
          className="cell default"
        />
        <div
          className="cell default"
        />
        <div
          className="cell default"
        />
        <div
          className="cell default"
        />
        <div
          className="cell default"
        />
      </div>
      <div
        className="row"
      >
        <div
          className="cell default"
        />
        <div
          className="cell default"
        />
        <div
          className="cell default"
        />
        <div
          className="cell default"
        />
        <div
          className="cell default"
        />
        <div
          className="cell default"
        />
        <div
          className="cell default"
        />
        <div
          className="cell default"
        />
        <div
          className="cell default"
        />
        <div
          className="cell default"
        />
      </div>
      <div
        className="row"
      >
        <div
          className="cell default"
        />
        <div
          className="cell default"
        />
        <div
          className="cell default"
        />
        <div
          className="cell default"
        />
        <div
          className="cell default"
        />
        <div
          className="cell default"
        />
        <div
          className="cell default"
        />
        <div
          className="cell default"
        />
        <div
          className="cell default"
        />
        <div
          className="cell default"
        />
      </div>
      <div
        className="row"
      >
        <div
          className="cell default"
        />
        <div
          className="cell default"
        />
        <div
          className="cell default"
        />
        <div
          className="cell default"
        />
        <div
          className="cell default"
        />
        <div
          className="cell default"
        />
        <div
          className="cell default"
        />
        <div
          className="cell default"
        />
        <div
          className="cell default"
        />
        <div
          className="cell default"
        />
      </div>
      <div
        className="row"
      >
        <div
          className="cell default"
        />
        <div
          className="cell default"
        />
        <div
          className="cell default"
        />
        <div
          className="cell default"
        />
        <div
          className="cell default"
        />
        <div
          className="cell default"
        />
        <div
          className="cell default"
        />
        <div
          className="cell default"
        />
        <div
          className="cell default"
        />
        <div
          className="cell default"
        />
      </div>
      <div
        className="row"
      >
        <div
          className="cell default"
        />
        <div
          className="cell default"
        />
        <div
          className="cell default"
        />
        <div
          className="cell default"
        />
        <div
          className="cell default"
        />
        <div
          className="cell default"
        />
        <div
          className="cell default"
        />
        <div
          className="cell default"
        />
        <div
          className="cell default"
        />
        <div
          className="cell default"
        />
      </div>
      <div
        className="row"
      >
        <div
          className="cell default"
        />
        <div
          className="cell default"
        />
        <div
          className="cell default"
        />
        <div
          className="cell default"
        />
        <div
          className="cell default"
        />
        <div
          className="cell default"
        />
        <div
          className="cell default"
        />
        <div
          className="cell default"
        />
        <div
          className="cell default"
        />
        <div
          className="cell default"
        />
      </div>
      <div
        className="row"
      >
        <div
          className="cell default"
        />
        <div
          className="cell default"
        />
        <div
          className="cell default"
        />
        <div
          className="cell default"
        />
        <div
          className="cell default"
        />
        <div
          className="cell default"
        />
        <div
          className="cell default"
        />
        <div
          className="cell default"
        />
        <div
          className="cell default"
        />
        <div
          className="cell default"
        />
      </div>
      <div
        className="row"
      >
        <div
          className="cell default"
        />
        <div
          className="cell default"
        />
        <div
          className="cell default"
        />
        <div
          className="cell default"
        />
        <div
          className="cell default"
        />
        <div
          className="cell default"
        />
        <div
          className="cell default"
        />
        <div
          className="cell default"
        />
        <div
          className="cell default"
        />
        <div
          className="cell default"
        />
      </div>
      <div
        className="row"
      >
        <div
          className="cell default"
        />
        <div
          className="cell default"
        />
        <div
          className="cell default"
        />
        <div
          className="cell default"
        />
        <div
          className="cell default"
        />
        <div
          className="cell default"
        />
        <div
          className="cell default"
        />
        <div
          className="cell default"
        />
        <div
          className="cell default"
        />
        <div
          className="cell default"
        />
      </div>
      <div
        className="row"
      >
        <div
          className="cell default"
        />
        <div
          className="cell default"
        />
        <div
          className="cell default"
        />
        <div
          className="cell default"
        />
        <div
          className="cell default"
        />
        <div
          className="cell default"
        />
        <div
          className="cell default"
        />
        <div
          className="cell default"
        />
        <div
          className="cell default"
        />
        <div
          className="cell default"
        />
      </div>
      <div
        className="row"
      >
        <div
          className="cell default"
        />
        <div
          className="cell default"
        />
        <div
          className="cell default"
        />
        <div
          className="cell default"
        />
        <div
          className="cell default"
        />
        <div
          className="cell default"
        />
        <div
          className="cell default"
        />
        <div
          className="cell default"
        />
        <div
          className="cell default"
        />
        <div
          className="cell default"
        />
      </div>
      <div
        className="row"
      >
        <div
          className="cell default"
        />
        <div
          className="cell default"
        />
        <div
          className="cell default"
        />
        <div
          className="cell default"
        />
        <div
          className="cell default"
        />
        <div
          className="cell default"
        />
        <div
          className="cell default"
        />
        <div
          className="cell default"
        />
        <div
          className="cell default"
        />
        <div
          className="cell default"
        />
      </div>
      <div
        className="row"
      >
        <div
          className="cell default"
        />
        <div
          className="cell default"
        />
        <div
          className="cell default"
        />
        <div
          className="cell default"
        />
        <div
          className="cell default"
        />
        <div
          className="cell default"
        />
        <div
          className="cell default"
        />
        <div
          className="cell default"
        />
        <div
          className="cell default"
        />
        <div
          className="cell default"
        />
      </div>
      <div
        className="row"
      >
        <div
          className="cell default"
        />
        <div
          className="cell default"
        />
        <div
          className="cell default"
        />
        <div
          className="cell default"
        />
        <div
          className="cell default"
        />
        <div
          className="cell default"
        />
        <div
          className="cell default"
        />
        <div
          className="cell default"
        />
        <div
          className="cell default"
        />
        <div
          className="cell default"
        />
      </div>
    </div>
    <aside
      className="side-panel"
    >
      <div
        className="score"
      >
        Current score is: 
        0
      </div>
      <div
        className="level"
      >
        Current Level is: 
        1
      </div>
      <div
        className="shape"
      >
        <div
          className="row"
        >
          <div
            className="cell color-5 fill-3"
          />
          <div
            className="cell default"
          />
        </div>
        <div
          className="row"
        >
          <div
            className="cell color-5 fill-3"
          />
          <div
            className="cell color-5 fill-3"
          />
        </div>
        <div
          className="row"
        >
          <div
            className="cell color-5 fill-3"
          />
          <div
            className="cell default"
          />
        </div>
      </div>
    </aside>
  </div>
</div>
`;
